// Jest Snapshot v1, https://goo.gl/fbAQLP

exports[`Componente transação do extrato Deve permanecer sempre o mesmo snapshot do component 1`] = `
<div
  class="transacao-container"
>
  <p>
    08/09/2022
  </p>
  <p>
    saque
  </p>
  <p>
    R$ 
    20.00
  </p>
</div>
`;
